Archive member included because of file (symbol)

c:/new folder/imt_sdk_win_64/winavr/bin/../lib/gcc/avr/4.3.3/avr5\libgcc.a(_udivmodhi4.o)
                              ./heap_2.o (__udivmodhi4)
c:/new folder/imt_sdk_win_64/winavr/bin/../lib/gcc/avr/4.3.3/avr5\libgcc.a(_udivmodsi4.o)
                              ./LCD_prog.o (__udivmodsi4)
c:/new folder/imt_sdk_win_64/winavr/bin/../lib/gcc/avr/4.3.3/avr5\libgcc.a(_exit.o)
                              c:/new folder/imt_sdk_win_64/winavr/bin/../lib/gcc/avr/4.3.3/../../../../avr/lib/avr5/crtm32.o (exit)
c:/new folder/imt_sdk_win_64/winavr/bin/../lib/gcc/avr/4.3.3/avr5\libgcc.a(_copy_data.o)
                              ./heap_2.o (__do_copy_data)
c:/new folder/imt_sdk_win_64/winavr/bin/../lib/gcc/avr/4.3.3/avr5\libgcc.a(_clear_bss.o)
                              ./heap_2.o (__do_clear_bss)
c:/new folder/imt_sdk_win_64/winavr/bin/../lib/gcc/avr/4.3.3/avr5\libgcc.a(_fixunssfsi.o)
                              ./main.o (__fixunssfsi)
c:/new folder/imt_sdk_win_64/winavr/bin/../lib/gcc/avr/4.3.3/avr5\libgcc.a(_addsub_sf.o)
                              c:/new folder/imt_sdk_win_64/winavr/bin/../lib/gcc/avr/4.3.3/avr5\libgcc.a(_fixunssfsi.o) (__subsf3)
c:/new folder/imt_sdk_win_64/winavr/bin/../lib/gcc/avr/4.3.3/avr5\libgcc.a(_mul_sf.o)
                              ./main.o (__mulsf3)
c:/new folder/imt_sdk_win_64/winavr/bin/../lib/gcc/avr/4.3.3/avr5\libgcc.a(_div_sf.o)
                              ./main.o (__divsf3)
c:/new folder/imt_sdk_win_64/winavr/bin/../lib/gcc/avr/4.3.3/avr5\libgcc.a(_ge_sf.o)
                              c:/new folder/imt_sdk_win_64/winavr/bin/../lib/gcc/avr/4.3.3/avr5\libgcc.a(_fixunssfsi.o) (__gesf2)
c:/new folder/imt_sdk_win_64/winavr/bin/../lib/gcc/avr/4.3.3/avr5\libgcc.a(_si_to_sf.o)
                              ./main.o (__floatsisf)
c:/new folder/imt_sdk_win_64/winavr/bin/../lib/gcc/avr/4.3.3/avr5\libgcc.a(_sf_to_si.o)
                              c:/new folder/imt_sdk_win_64/winavr/bin/../lib/gcc/avr/4.3.3/avr5\libgcc.a(_fixunssfsi.o) (__fixsfsi)
c:/new folder/imt_sdk_win_64/winavr/bin/../lib/gcc/avr/4.3.3/avr5\libgcc.a(_thenan_sf.o)
                              c:/new folder/imt_sdk_win_64/winavr/bin/../lib/gcc/avr/4.3.3/avr5\libgcc.a(_addsub_sf.o) (__thenan_sf)
c:/new folder/imt_sdk_win_64/winavr/bin/../lib/gcc/avr/4.3.3/avr5\libgcc.a(_prologue.o)
                              c:/new folder/imt_sdk_win_64/winavr/bin/../lib/gcc/avr/4.3.3/avr5\libgcc.a(_addsub_sf.o) (__prologue_saves__)
c:/new folder/imt_sdk_win_64/winavr/bin/../lib/gcc/avr/4.3.3/avr5\libgcc.a(_epilogue.o)
                              c:/new folder/imt_sdk_win_64/winavr/bin/../lib/gcc/avr/4.3.3/avr5\libgcc.a(_addsub_sf.o) (__epilogue_restores__)
c:/new folder/imt_sdk_win_64/winavr/bin/../lib/gcc/avr/4.3.3/avr5\libgcc.a(_clzsi2.o)
                              c:/new folder/imt_sdk_win_64/winavr/bin/../lib/gcc/avr/4.3.3/avr5\libgcc.a(_si_to_sf.o) (__clzsi2)
c:/new folder/imt_sdk_win_64/winavr/bin/../lib/gcc/avr/4.3.3/avr5\libgcc.a(_pack_sf.o)
                              c:/new folder/imt_sdk_win_64/winavr/bin/../lib/gcc/avr/4.3.3/avr5\libgcc.a(_addsub_sf.o) (__pack_f)
c:/new folder/imt_sdk_win_64/winavr/bin/../lib/gcc/avr/4.3.3/avr5\libgcc.a(_unpack_sf.o)
                              c:/new folder/imt_sdk_win_64/winavr/bin/../lib/gcc/avr/4.3.3/avr5\libgcc.a(_addsub_sf.o) (__unpack_f)
c:/new folder/imt_sdk_win_64/winavr/bin/../lib/gcc/avr/4.3.3/avr5\libgcc.a(_fpcmp_parts_sf.o)
                              c:/new folder/imt_sdk_win_64/winavr/bin/../lib/gcc/avr/4.3.3/avr5\libgcc.a(_ge_sf.o) (__fpcmp_parts_f)
c:/new folder/imt_sdk_win_64/winavr/bin/../lib/gcc/avr/4.3.3/avr5\libgcc.a(_clz.o)
                              c:/new folder/imt_sdk_win_64/winavr/bin/../lib/gcc/avr/4.3.3/avr5\libgcc.a(_clzsi2.o) (__clz_tab)
c:/new folder/imt_sdk_win_64/winavr/bin/../lib/gcc/avr/4.3.3/../../../../avr/lib/avr5\libc.a(memcpy.o)
                              ./queue.o (memcpy)
c:/new folder/imt_sdk_win_64/winavr/bin/../lib/gcc/avr/4.3.3/../../../../avr/lib/avr5\libc.a(memset.o)
                              ./heap_2.o (memset)

Allocating common symbols
Common symbol       size              file

LEDsemph            0x2               ./main.o
temp                0x4               ./main.o
door                0x2               ./main.o

Memory Configuration

Name             Origin             Length             Attributes
text             0x00000000         0x00020000         xr
data             0x00800060         0x0000ffa0         rw !x
eeprom           0x00810000         0x00010000         rw !x
fuse             0x00820000         0x00000400         rw !x
lock             0x00830000         0x00000400         rw !x
signature        0x00840000         0x00000400         rw !x
*default*        0x00000000         0xffffffff

Linker script and memory map

LOAD c:/new folder/imt_sdk_win_64/winavr/bin/../lib/gcc/avr/4.3.3/../../../../avr/lib/avr5/crtm32.o
LOAD ./ADC_prog.o
LOAD ./DIO_prog.o
LOAD ./EXTI_prog.o
LOAD ./GIE_program.o
LOAD ./LCD_prog.o
LOAD ./UART_Prog.o
LOAD ./croutine.o
LOAD ./event_groups.o
LOAD ./heap_2.o
LOAD ./list.o
LOAD ./main.o
LOAD ./port.o
LOAD ./queue.o
LOAD ./stream_buffer.o
LOAD ./tasks.o
LOAD ./timers.o
LOAD c:/new folder/imt_sdk_win_64/winavr/bin/../lib/gcc/avr/4.3.3/avr5\libgcc.a
LOAD c:/new folder/imt_sdk_win_64/winavr/bin/../lib/gcc/avr/4.3.3/../../../../avr/lib/avr5\libc.a
LOAD c:/new folder/imt_sdk_win_64/winavr/bin/../lib/gcc/avr/4.3.3/avr5\libgcc.a

.hash
 *(.hash)

.dynsym
 *(.dynsym)

.dynstr
 *(.dynstr)

.gnu.version
 *(.gnu.version)

.gnu.version_d
 *(.gnu.version_d)

.gnu.version_r
 *(.gnu.version_r)

.rel.init
 *(.rel.init)

.rela.init
 *(.rela.init)

.rel.text
 *(.rel.text)
 *(.rel.text.*)
 *(.rel.gnu.linkonce.t*)

.rela.text
 *(.rela.text)
 *(.rela.text.*)
 *(.rela.gnu.linkonce.t*)

.rel.fini
 *(.rel.fini)

.rela.fini
 *(.rela.fini)

.rel.rodata
 *(.rel.rodata)
 *(.rel.rodata.*)
 *(.rel.gnu.linkonce.r*)

.rela.rodata
 *(.rela.rodata)
 *(.rela.rodata.*)
 *(.rela.gnu.linkonce.r*)

.rel.data
 *(.rel.data)
 *(.rel.data.*)
 *(.rel.gnu.linkonce.d*)

.rela.data
 *(.rela.data)
 *(.rela.data.*)
 *(.rela.gnu.linkonce.d*)

.rel.ctors
 *(.rel.ctors)

.rela.ctors
 *(.rela.ctors)

.rel.dtors
 *(.rel.dtors)

.rela.dtors
 *(.rela.dtors)

.rel.got
 *(.rel.got)

.rela.got
 *(.rela.got)

.rel.bss
 *(.rel.bss)

.rela.bss
 *(.rela.bss)

.rel.plt
 *(.rel.plt)

.rela.plt
 *(.rela.plt)

.text           0x00000000     0x48ec
 *(.vectors)
 .vectors       0x00000000       0x54 c:/new folder/imt_sdk_win_64/winavr/bin/../lib/gcc/avr/4.3.3/../../../../avr/lib/avr5/crtm32.o
                0x00000000                __vectors
                0x00000000                __vector_default
 *(.vectors)
 *(.progmem.gcc*)
 *(.progmem*)
                0x00000054                . = ALIGN (0x2)
                0x00000054                __trampolines_start = .
 *(.trampolines)
 .trampolines   0x00000054        0x0 linker stubs
 *(.trampolines*)
                0x00000054                __trampolines_end = .
 *(.jumptables)
 *(.jumptables*)
 *(.lowtext)
 *(.lowtext*)
                0x00000054                __ctors_start = .
 *(.ctors)
                0x00000054                __ctors_end = .
                0x00000054                __dtors_start = .
 *(.dtors)
                0x00000054                __dtors_end = .
 SORT(*)(.ctors)
 SORT(*)(.dtors)
 *(.init0)
 .init0         0x00000054        0x0 c:/new folder/imt_sdk_win_64/winavr/bin/../lib/gcc/avr/4.3.3/../../../../avr/lib/avr5/crtm32.o
                0x00000054                __init
 *(.init0)
 *(.init1)
 *(.init1)
 *(.init2)
 .init2         0x00000054        0xc c:/new folder/imt_sdk_win_64/winavr/bin/../lib/gcc/avr/4.3.3/../../../../avr/lib/avr5/crtm32.o
 *(.init2)
 *(.init3)
 *(.init3)
 *(.init4)
 .init4         0x00000060       0x16 c:/new folder/imt_sdk_win_64/winavr/bin/../lib/gcc/avr/4.3.3/avr5\libgcc.a(_copy_data.o)
                0x00000060                __do_copy_data
 .init4         0x00000076       0x10 c:/new folder/imt_sdk_win_64/winavr/bin/../lib/gcc/avr/4.3.3/avr5\libgcc.a(_clear_bss.o)
                0x00000076                __do_clear_bss
 *(.init4)
 *(.init5)
 *(.init5)
 *(.init6)
 *(.init6)
 *(.init7)
 *(.init7)
 *(.init8)
 *(.init8)
 *(.init9)
 .init9         0x00000086        0x8 c:/new folder/imt_sdk_win_64/winavr/bin/../lib/gcc/avr/4.3.3/../../../../avr/lib/avr5/crtm32.o
 *(.init9)
 *(.text)
 .text          0x0000008e        0x4 c:/new folder/imt_sdk_win_64/winavr/bin/../lib/gcc/avr/4.3.3/../../../../avr/lib/avr5/crtm32.o
                0x0000008e                __vector_12
                0x0000008e                __bad_interrupt
                0x0000008e                __vector_6
                0x0000008e                __vector_3
                0x0000008e                __vector_11
                0x0000008e                __vector_13
                0x0000008e                __vector_17
                0x0000008e                __vector_19
                0x0000008e                __vector_5
                0x0000008e                __vector_4
                0x0000008e                __vector_9
                0x0000008e                __vector_2
                0x0000008e                __vector_15
                0x0000008e                __vector_8
                0x0000008e                __vector_14
                0x0000008e                __vector_10
                0x0000008e                __vector_16
                0x0000008e                __vector_18
                0x0000008e                __vector_20
 .text          0x00000092        0x0 ./ADC_prog.o
 .text          0x00000092        0x0 ./DIO_prog.o
 .text          0x00000092        0x0 ./EXTI_prog.o
 .text          0x00000092        0x0 ./GIE_program.o
 .text          0x00000092        0x0 ./LCD_prog.o
 .text          0x00000092        0x0 ./UART_Prog.o
 .text          0x00000092        0x0 ./croutine.o
 .text          0x00000092        0x0 ./event_groups.o
 .text          0x00000092        0x0 ./heap_2.o
 .text          0x00000092        0x0 ./list.o
 .text          0x00000092        0x0 ./main.o
 .text          0x00000092        0x0 ./port.o
 .text          0x00000092        0x0 ./queue.o
 .text          0x00000092        0x0 ./stream_buffer.o
 .text          0x00000092        0x0 ./tasks.o
 .text          0x00000092        0x0 ./timers.o
 .text          0x00000092        0x0 c:/new folder/imt_sdk_win_64/winavr/bin/../lib/gcc/avr/4.3.3/avr5\libgcc.a(_udivmodhi4.o)
 .text          0x00000092        0x0 c:/new folder/imt_sdk_win_64/winavr/bin/../lib/gcc/avr/4.3.3/avr5\libgcc.a(_udivmodsi4.o)
 .text          0x00000092        0x0 c:/new folder/imt_sdk_win_64/winavr/bin/../lib/gcc/avr/4.3.3/avr5\libgcc.a(_exit.o)
 .text          0x00000092        0x0 c:/new folder/imt_sdk_win_64/winavr/bin/../lib/gcc/avr/4.3.3/avr5\libgcc.a(_copy_data.o)
 .text          0x00000092        0x0 c:/new folder/imt_sdk_win_64/winavr/bin/../lib/gcc/avr/4.3.3/avr5\libgcc.a(_clear_bss.o)
 .text          0x00000092       0x58 c:/new folder/imt_sdk_win_64/winavr/bin/../lib/gcc/avr/4.3.3/avr5\libgcc.a(_fixunssfsi.o)
                0x00000092                __fixunssfsi
 .text          0x000000ea      0x354 c:/new folder/imt_sdk_win_64/winavr/bin/../lib/gcc/avr/4.3.3/avr5\libgcc.a(_addsub_sf.o)
                0x00000382                __subsf3
                0x000003e4                __addsf3
 .text          0x0000043e      0x1f4 c:/new folder/imt_sdk_win_64/winavr/bin/../lib/gcc/avr/4.3.3/avr5\libgcc.a(_mul_sf.o)
                0x0000043e                __mulsf3
 .text          0x00000632      0x158 c:/new folder/imt_sdk_win_64/winavr/bin/../lib/gcc/avr/4.3.3/avr5\libgcc.a(_div_sf.o)
                0x00000632                __divsf3
 .text          0x0000078a       0x60 c:/new folder/imt_sdk_win_64/winavr/bin/../lib/gcc/avr/4.3.3/avr5\libgcc.a(_ge_sf.o)
                0x0000078a                __gesf2
 .text          0x000007ea       0xbc c:/new folder/imt_sdk_win_64/winavr/bin/../lib/gcc/avr/4.3.3/avr5\libgcc.a(_si_to_sf.o)
                0x000007ea                __floatsisf
 .text          0x000008a6       0xa8 c:/new folder/imt_sdk_win_64/winavr/bin/../lib/gcc/avr/4.3.3/avr5\libgcc.a(_sf_to_si.o)
                0x000008a6                __fixsfsi
 .text          0x0000094e        0x0 c:/new folder/imt_sdk_win_64/winavr/bin/../lib/gcc/avr/4.3.3/avr5\libgcc.a(_thenan_sf.o)
 .text          0x0000094e        0x0 c:/new folder/imt_sdk_win_64/winavr/bin/../lib/gcc/avr/4.3.3/avr5\libgcc.a(_prologue.o)
 .text          0x0000094e        0x0 c:/new folder/imt_sdk_win_64/winavr/bin/../lib/gcc/avr/4.3.3/avr5\libgcc.a(_epilogue.o)
 .text          0x0000094e       0x9e c:/new folder/imt_sdk_win_64/winavr/bin/../lib/gcc/avr/4.3.3/avr5\libgcc.a(_clzsi2.o)
                0x0000094e                __clzsi2
 .text          0x000009ec      0x1aa c:/new folder/imt_sdk_win_64/winavr/bin/../lib/gcc/avr/4.3.3/avr5\libgcc.a(_pack_sf.o)
                0x000009ec                __pack_f
 .text          0x00000b96       0xf0 c:/new folder/imt_sdk_win_64/winavr/bin/../lib/gcc/avr/4.3.3/avr5\libgcc.a(_unpack_sf.o)
                0x00000b96                __unpack_f
 .text          0x00000c86       0xb2 c:/new folder/imt_sdk_win_64/winavr/bin/../lib/gcc/avr/4.3.3/avr5\libgcc.a(_fpcmp_parts_sf.o)
                0x00000c86                __fpcmp_parts_f
 .text          0x00000d38        0x0 c:/new folder/imt_sdk_win_64/winavr/bin/../lib/gcc/avr/4.3.3/avr5\libgcc.a(_clz.o)
 .text          0x00000d38        0x0 c:/new folder/imt_sdk_win_64/winavr/bin/../lib/gcc/avr/4.3.3/../../../../avr/lib/avr5\libc.a(memcpy.o)
 .text          0x00000d38        0x0 c:/new folder/imt_sdk_win_64/winavr/bin/../lib/gcc/avr/4.3.3/../../../../avr/lib/avr5\libc.a(memset.o)
                0x00000d38                . = ALIGN (0x2)
 *(.text.*)
 .text.ADC_Vid_Init
                0x00000d38       0x16 ./ADC_prog.o
                0x00000d38                ADC_Vid_Init
 .text.ADC_vid_getADCValue_Sync
                0x00000d4e       0x1c ./ADC_prog.o
                0x00000d4e                ADC_vid_getADCValue_Sync
 .text.Temp_ADC_read
                0x00000d6a       0x12 ./ADC_prog.o
                0x00000d6a                Temp_ADC_read
 .text.DIO_Vid_SetPinDirection
                0x00000d7c       0xe6 ./DIO_prog.o
                0x00000d7c                DIO_Vid_SetPinDirection
 .text.DIO_Vid_SetPinValue
                0x00000e62       0xe6 ./DIO_prog.o
                0x00000e62                DIO_Vid_SetPinValue
 .text.DIO_Vid_GetPinValue
                0x00000f48       0x44 ./DIO_prog.o
                0x00000f48                DIO_Vid_GetPinValue
 .text.DIO_Vid_SetPortDirection
                0x00000f8c       0x54 ./DIO_prog.o
                0x00000f8c                DIO_Vid_SetPortDirection
 .text.DIO_Vid_SetPortValue
                0x00000fe0       0x22 ./DIO_prog.o
                0x00000fe0                DIO_Vid_SetPortValue
 .text.DIO_Vid_GetPportValue
                0x00001002        0x2 ./DIO_prog.o
                0x00001002                DIO_Vid_GetPportValue
 .text.EXTI_Vid_Enable
                0x00001004       0x14 ./EXTI_prog.o
                0x00001004                EXTI_Vid_Enable
 .text.EXTI_Vid_Disable
                0x00001018       0x14 ./EXTI_prog.o
                0x00001018                EXTI_Vid_Disable
 .text.GIE_voidEnable
                0x0000102c        0x8 ./GIE_program.o
                0x0000102c                GIE_voidEnable
 .text.GIE_voidDisable
                0x00001034        0x8 ./GIE_program.o
                0x00001034                GIE_voidDisable
 .text.LCD2_vid_SendCmd
                0x0000103c       0x40 ./LCD_prog.o
                0x0000103c                LCD2_vid_SendCmd
 .text.LCD2_vid_GoToX
                0x0000107c       0x10 ./LCD_prog.o
                0x0000107c                LCD2_vid_GoToX
 .text.LCD2_vid_DisplayClear
                0x0000108c        0x8 ./LCD_prog.o
                0x0000108c                LCD2_vid_DisplayClear
 .text.LCD2_Vid_Init
                0x00001094       0x2e ./LCD_prog.o
                0x00001094                LCD2_Vid_Init
 .text.LCD2_vid_SendData
                0x000010c2       0x40 ./LCD_prog.o
                0x000010c2                LCD2_vid_SendData
 .text.LCD2_vid_SendString
                0x00001102       0x26 ./LCD_prog.o
                0x00001102                LCD2_vid_SendString
 .text.LCD_vid_SendCmd
                0x00001128       0x40 ./LCD_prog.o
                0x00001128                LCD_vid_SendCmd
 .text.LCD_vid_GoToX
                0x00001168       0x10 ./LCD_prog.o
                0x00001168                LCD_vid_GoToX
 .text.LCD_vid_DisplayClear
                0x00001178        0x8 ./LCD_prog.o
                0x00001178                LCD_vid_DisplayClear
 .text.LCD_Vid_Init
                0x00001180       0x2e ./LCD_prog.o
                0x00001180                LCD_Vid_Init
 .text.LCD_vid_SendData
                0x000011ae       0x40 ./LCD_prog.o
                0x000011ae                LCD_vid_SendData
 .text.LCD_vid_SendString
                0x000011ee       0x26 ./LCD_prog.o
                0x000011ee                LCD_vid_SendString
 .text.LCD_vid_SendInt
                0x00001214       0x4c ./LCD_prog.o
                0x00001214                LCD_vid_SendInt
 .text.LCD_vid_SendSpecialChar
                0x00001260       0x5a ./LCD_prog.o
                0x00001260                LCD_vid_SendSpecialChar
 .text.UART_VidInt
                0x000012ba        0xe ./UART_Prog.o
                0x000012ba                UART_VidInt
 .text.UART_VidSendData
                0x000012c8        0x8 ./UART_Prog.o
                0x000012c8                UART_VidSendData
 .text.UART_u8RecieveData
                0x000012d0        0x8 ./UART_Prog.o
                0x000012d0                UART_u8RecieveData
 .text.UART_Vid_SendString
                0x000012d8       0x2c ./UART_Prog.o
                0x000012d8                UART_Vid_SendString
 .text.UART_Vid_SendInt
                0x00001304       0x4c ./UART_Prog.o
                0x00001304                UART_Vid_SendInt
 .text.xEventGroupClearBits
                0x00001350       0x20 ./event_groups.o
                0x00001350                xEventGroupClearBits
 .text.xEventGroupGetBitsFromISR
                0x00001370        0x8 ./event_groups.o
                0x00001370                xEventGroupGetBitsFromISR
 .text.vEventGroupClearBitsCallback
                0x00001378        0x8 ./event_groups.o
                0x00001378                vEventGroupClearBitsCallback
 .text.xEventGroupSetBits
                0x00001380       0xb0 ./event_groups.o
                0x00001380                xEventGroupSetBits
 .text.vEventGroupSetBitsCallback
                0x00001430        0x8 ./event_groups.o
                0x00001430                vEventGroupSetBitsCallback
 .text.vEventGroupDelete
                0x00001438       0x2e ./event_groups.o
                0x00001438                vEventGroupDelete
 .text.xEventGroupWaitBits
                0x00001466       0xfe ./event_groups.o
                0x00001466                xEventGroupWaitBits
 .text.xEventGroupSync
                0x00001564       0xd6 ./event_groups.o
                0x00001564                xEventGroupSync
 .text.xEventGroupCreate
                0x0000163a       0x26 ./event_groups.o
                0x0000163a                xEventGroupCreate
 .text.xPortGetFreeHeapSize
                0x00001660        0xa ./heap_2.o
                0x00001660                xPortGetFreeHeapSize
 .text.vPortInitialiseBlocks
                0x0000166a        0x2 ./heap_2.o
                0x0000166a                vPortInitialiseBlocks
 .text.vPortFree
                0x0000166c       0x76 ./heap_2.o
                0x0000166c                vPortFree
 .text.pvPortMalloc
                0x000016e2      0x158 ./heap_2.o
                0x000016e2                pvPortMalloc
 .text.pvPortCalloc
                0x0000183a       0x5a ./heap_2.o
                0x0000183a                pvPortCalloc
 .text.vListInitialise
                0x00001894       0x20 ./list.o
                0x00001894                vListInitialise
 .text.vListInitialiseItem
                0x000018b4        0x8 ./list.o
                0x000018b4                vListInitialiseItem
 .text.vListInsertEnd
                0x000018bc       0x3e ./list.o
                0x000018bc                vListInsertEnd
 .text.vListInsert
                0x000018fa       0x64 ./list.o
                0x000018fa                vListInsert
 .text.uxListRemove
                0x0000195e       0x56 ./list.o
                0x0000195e                uxListRemove
 .text.__vector_1
                0x000019b4       0x8e ./main.o
                0x000019b4                __vector_1
 .text.Door     0x00001a42       0x38 ./main.o
                0x00001a42                Door
 .text.LED      0x00001a7a       0x58 ./main.o
                0x00001a7a                LED
 .text.Temp     0x00001ad2       0x54 ./main.o
                0x00001ad2                Temp
 .text.UART     0x00001b26       0x7c ./main.o
                0x00001b26                UART
 .text.LCD      0x00001ba2       0x9c ./main.o
                0x00001ba2                LCD
 .text.main     0x00001c3e      0x126 ./main.o
                0x00001c3e                main
 .text.pxPortInitialiseStack
                0x00001d64       0x90 ./port.o
                0x00001d64                pxPortInitialiseStack
 .text.xPortStartScheduler
                0x00001df4       0x6a ./port.o
                0x00001df4                xPortStartScheduler
 .text.vPortEndScheduler
                0x00001e5e        0x2 ./port.o
                0x00001e5e                vPortEndScheduler
 .text.vPortYieldFromTick
                0x00001e60       0xba ./port.o
                0x00001e60                vPortYieldFromTick
 .text.__vector_7
                0x00001f1a        0x6 ./port.o
                0x00001f1a                __vector_7
 .text.vPortYield
                0x00001f20       0xb2 ./port.o
                0x00001f20                vPortYield
 .text.uxQueueMessagesWaiting
                0x00001fd2       0x10 ./queue.o
                0x00001fd2                uxQueueMessagesWaiting
 .text.uxQueueSpacesAvailable
                0x00001fe2       0x14 ./queue.o
                0x00001fe2                uxQueueSpacesAvailable
 .text.uxQueueMessagesWaitingFromISR
                0x00001ff6        0x6 ./queue.o
                0x00001ff6                uxQueueMessagesWaitingFromISR
 .text.xQueueIsQueueEmptyFromISR
                0x00001ffc       0x10 ./queue.o
                0x00001ffc                xQueueIsQueueEmptyFromISR
 .text.xQueueIsQueueFullFromISR
                0x0000200c       0x12 ./queue.o
                0x0000200c                xQueueIsQueueFullFromISR
 .text.vQueueDelete
                0x0000201e        0x6 ./queue.o
                0x0000201e                vQueueDelete
 .text.prvCopyDataFromQueue
                0x00002024       0x3c ./queue.o
 .text.xQueuePeekFromISR
                0x00002060       0x2a ./queue.o
                0x00002060                xQueuePeekFromISR
 .text.prvCopyDataToQueue
                0x0000208a       0x94 ./queue.o
 .text.xQueueReceiveFromISR
                0x0000211e       0x64 ./queue.o
                0x0000211e                xQueueReceiveFromISR
 .text.xQueueGiveFromISR
                0x00002182       0x5e ./queue.o
                0x00002182                xQueueGiveFromISR
 .text.xQueueGenericSendFromISR
                0x000021e0       0x68 ./queue.o
                0x000021e0                xQueueGenericSendFromISR
 .text.prvUnlockQueue
                0x00002248       0x84 ./queue.o
 .text.xQueuePeek
                0x000022cc      0x152 ./queue.o
                0x000022cc                xQueuePeek
 .text.xQueueSemaphoreTake
                0x0000241e      0x13e ./queue.o
                0x0000241e                xQueueSemaphoreTake
 .text.xQueueReceive
                0x0000255c      0x156 ./queue.o
                0x0000255c                xQueueReceive
 .text.xQueueGenericSend
                0x000026b2      0x156 ./queue.o
                0x000026b2                xQueueGenericSend
 .text.xQueueGenericReset
                0x00002808       0xb4 ./queue.o
                0x00002808                xQueueGenericReset
 .text.xQueueGenericCreate
                0x000028bc       0x70 ./queue.o
                0x000028bc                xQueueGenericCreate
 .text.xStreamBufferSetTriggerLevel
                0x0000292c       0x22 ./stream_buffer.o
                0x0000292c                xStreamBufferSetTriggerLevel
 .text.xStreamBufferSpacesAvailable
                0x0000294e       0x38 ./stream_buffer.o
                0x0000294e                xStreamBufferSpacesAvailable
 .text.xStreamBufferBytesAvailable
                0x00002986       0x24 ./stream_buffer.o
                0x00002986                xStreamBufferBytesAvailable
 .text.xStreamBufferIsEmpty
                0x000029aa       0x18 ./stream_buffer.o
                0x000029aa                xStreamBufferIsEmpty
 .text.xStreamBufferIsFull
                0x000029c2       0x2e ./stream_buffer.o
                0x000029c2                xStreamBufferIsFull
 .text.xStreamBufferReceiveCompletedFromISR
                0x000029f0       0x4c ./stream_buffer.o
                0x000029f0                xStreamBufferReceiveCompletedFromISR
 .text.xStreamBufferSendCompletedFromISR
                0x00002a3c       0x4c ./stream_buffer.o
                0x00002a3c                xStreamBufferSendCompletedFromISR
 .text.prvReadBytesFromBuffer
                0x00002a88       0x9a ./stream_buffer.o
 .text.prvReadMessageFromBuffer
                0x00002b22       0x90 ./stream_buffer.o
 .text.xStreamBufferReceiveFromISR
                0x00002bb2       0x96 ./stream_buffer.o
                0x00002bb2                xStreamBufferReceiveFromISR
 .text.xStreamBufferNextMessageLengthBytes
                0x00002c48       0x60 ./stream_buffer.o
                0x00002c48                xStreamBufferNextMessageLengthBytes
 .text.prvWriteBytesToBuffer
                0x00002ca8       0x9a ./stream_buffer.o
 .text.prvWriteMessageToBuffer
                0x00002d42       0x94 ./stream_buffer.o
 .text.xStreamBufferSendFromISR
                0x00002dd6       0xae ./stream_buffer.o
                0x00002dd6                xStreamBufferSendFromISR
 .text.xStreamBufferReceive
                0x00002e84      0x128 ./stream_buffer.o
                0x00002e84                xStreamBufferReceive
 .text.xStreamBufferSend
                0x00002fac      0x1a2 ./stream_buffer.o
                0x00002fac                xStreamBufferSend
 .text.xStreamBufferReset
                0x0000314e       0x4a ./stream_buffer.o
                0x0000314e                xStreamBufferReset
 .text.vStreamBufferDelete
                0x00003198       0x1c ./stream_buffer.o
                0x00003198                vStreamBufferDelete
 .text.xStreamBufferGenericCreate
                0x000031b4       0x7a ./stream_buffer.o
                0x000031b4                xStreamBufferGenericCreate
 .text.vTaskSuspendAll
                0x0000322e        0xc ./tasks.o
                0x0000322e                vTaskSuspendAll
 .text.xTaskGetTickCount
                0x0000323a       0x16 ./tasks.o
                0x0000323a                xTaskGetTickCount
 .text.xTaskGetTickCountFromISR
                0x00003250        0xc ./tasks.o
                0x00003250                xTaskGetTickCountFromISR
 .text.uxTaskGetNumberOfTasks
                0x0000325c        0x6 ./tasks.o
                0x0000325c                uxTaskGetNumberOfTasks
 .text.pcTaskGetName
                0x00003262       0x16 ./tasks.o
                0x00003262                pcTaskGetName
 .text.xTaskIncrementTick
                0x00003278      0x230 ./tasks.o
                0x00003278                xTaskIncrementTick
 .text.vTaskSwitchContext
                0x000034a8       0x74 ./tasks.o
                0x000034a8                vTaskSwitchContext
 .text.xTaskRemoveFromEventList
                0x0000351c      0x166 ./tasks.o
                0x0000351c                xTaskRemoveFromEventList
 .text.vTaskRemoveFromUnorderedEventList
                0x00003682      0x134 ./tasks.o
                0x00003682                vTaskRemoveFromUnorderedEventList
 .text.vTaskSetTimeOutState
                0x000037b6       0x20 ./tasks.o
                0x000037b6                vTaskSetTimeOutState
 .text.vTaskInternalSetTimeOutState
                0x000037d6       0x16 ./tasks.o
                0x000037d6                vTaskInternalSetTimeOutState
 .text.xTaskCheckForTimeOut
                0x000037ec       0x6a ./tasks.o
                0x000037ec                xTaskCheckForTimeOut
 .text.vTaskMissedYield
                0x00003856        0x8 ./tasks.o
                0x00003856                vTaskMissedYield
 .text.xTaskGetCurrentTaskHandle
                0x0000385e        0xc ./tasks.o
                0x0000385e                xTaskGetCurrentTaskHandle
 .text.uxTaskResetEventItemValue
                0x0000386a       0x30 ./tasks.o
                0x0000386a                uxTaskResetEventItemValue
 .text.xTaskGenericNotifyFromISR
                0x0000389a      0x1f8 ./tasks.o
                0x0000389a                xTaskGenericNotifyFromISR
 .text.vTaskGenericNotifyGiveFromISR
                0x00003a92      0x164 ./tasks.o
                0x00003a92                vTaskGenericNotifyGiveFromISR
 .text.xTaskGenericNotifyStateClear
                0x00003bf6       0x2c ./tasks.o
                0x00003bf6                xTaskGenericNotifyStateClear
 .text.ulTaskGenericNotifyValueClear
                0x00003c22       0x68 ./tasks.o
                0x00003c22                ulTaskGenericNotifyValueClear
 .text.xTaskGenericNotify
                0x00003c8a      0x19c ./tasks.o
                0x00003c8a                xTaskGenericNotify
 .text.xTaskResumeAll
                0x00003e26      0x1bc ./tasks.o
                0x00003e26                xTaskResumeAll
 .text.xTaskCatchUpTicks
                0x00003fe2       0x2e ./tasks.o
                0x00003fe2                xTaskCatchUpTicks
 .text.prvAddCurrentTaskToDelayedList
                0x00004010       0x88 ./tasks.o
 .text.xTaskGenericNotifyWait
                0x00004098      0x140 ./tasks.o
                0x00004098                xTaskGenericNotifyWait
 .text.ulTaskGenericNotifyTake
                0x000041d8       0xe8 ./tasks.o
                0x000041d8                ulTaskGenericNotifyTake
 .text.vTaskPlaceOnUnorderedEventList
                0x000042c0       0x88 ./tasks.o
                0x000042c0                vTaskPlaceOnUnorderedEventList
 .text.vTaskDelay
                0x00004348       0x26 ./tasks.o
                0x00004348                vTaskDelay
 .text.xTaskDelayUntil
                0x0000436e       0x66 ./tasks.o
                0x0000436e                xTaskDelayUntil
 .text.vTaskPlaceOnEventList
                0x000043d4       0x24 ./tasks.o
                0x000043d4                vTaskPlaceOnEventList
 .text.vTaskEndScheduler
                0x000043f8        0xc ./tasks.o
                0x000043f8                vTaskEndScheduler
 .text.prvIdleTask
                0x00004404       0x5e ./tasks.o
 .text.vTaskDelete
                0x00004462       0xe4 ./tasks.o
                0x00004462                vTaskDelete
 .text.xTaskCreate
                0x00004546      0x254 ./tasks.o
                0x00004546                xTaskCreate
 .text.vTaskStartScheduler
                0x0000479a       0x54 ./tasks.o
                0x0000479a                vTaskStartScheduler
 .text.libgcc   0x000047ee       0x28 c:/new folder/imt_sdk_win_64/winavr/bin/../lib/gcc/avr/4.3.3/avr5\libgcc.a(_udivmodhi4.o)
                0x000047ee                __udivmodhi4
 .text.libgcc   0x00004816       0x44 c:/new folder/imt_sdk_win_64/winavr/bin/../lib/gcc/avr/4.3.3/avr5\libgcc.a(_udivmodsi4.o)
                0x00004816                __udivmodsi4
 .text.libgcc   0x0000485a        0x0 c:/new folder/imt_sdk_win_64/winavr/bin/../lib/gcc/avr/4.3.3/avr5\libgcc.a(_exit.o)
 .text.libgcc   0x0000485a        0x0 c:/new folder/imt_sdk_win_64/winavr/bin/../lib/gcc/avr/4.3.3/avr5\libgcc.a(_copy_data.o)
 .text.libgcc   0x0000485a        0x0 c:/new folder/imt_sdk_win_64/winavr/bin/../lib/gcc/avr/4.3.3/avr5\libgcc.a(_clear_bss.o)
 .text.libgcc   0x0000485a       0x38 c:/new folder/imt_sdk_win_64/winavr/bin/../lib/gcc/avr/4.3.3/avr5\libgcc.a(_prologue.o)
                0x0000485a                __prologue_saves__
 .text.libgcc   0x00004892       0x36 c:/new folder/imt_sdk_win_64/winavr/bin/../lib/gcc/avr/4.3.3/avr5\libgcc.a(_epilogue.o)
                0x00004892                __epilogue_restores__
 .text.avr-libc
                0x000048c8       0x12 c:/new folder/imt_sdk_win_64/winavr/bin/../lib/gcc/avr/4.3.3/../../../../avr/lib/avr5\libc.a(memcpy.o)
                0x000048c8                memcpy
 .text.avr-libc
                0x000048da        0xe c:/new folder/imt_sdk_win_64/winavr/bin/../lib/gcc/avr/4.3.3/../../../../avr/lib/avr5\libc.a(memset.o)
                0x000048da                memset
                0x000048e8                . = ALIGN (0x2)
 *(.fini9)
 .fini9         0x000048e8        0x0 c:/new folder/imt_sdk_win_64/winavr/bin/../lib/gcc/avr/4.3.3/avr5\libgcc.a(_exit.o)
                0x000048e8                exit
                0x000048e8                _exit
 *(.fini9)
 *(.fini8)
 *(.fini8)
 *(.fini7)
 *(.fini7)
 *(.fini6)
 *(.fini6)
 *(.fini5)
 *(.fini5)
 *(.fini4)
 *(.fini4)
 *(.fini3)
 *(.fini3)
 *(.fini2)
 *(.fini2)
 *(.fini1)
 *(.fini1)
 *(.fini0)
 .fini0         0x000048e8        0x4 c:/new folder/imt_sdk_win_64/winavr/bin/../lib/gcc/avr/4.3.3/avr5\libgcc.a(_exit.o)
 *(.fini0)
                0x000048ec                _etext = .

.data           0x00800060      0x178 load address 0x000048ec
                0x00800060                PROVIDE (__data_start, .)
 *(.data)
 .data          0x00800060        0x0 c:/new folder/imt_sdk_win_64/winavr/bin/../lib/gcc/avr/4.3.3/../../../../avr/lib/avr5/crtm32.o
 .data          0x00800060        0x0 ./ADC_prog.o
 .data          0x00800060        0x0 ./DIO_prog.o
 .data          0x00800060        0x0 ./EXTI_prog.o
 .data          0x00800060        0x0 ./GIE_program.o
 .data          0x00800060        0x0 ./LCD_prog.o
 .data          0x00800060        0x0 ./UART_Prog.o
 .data          0x00800060        0x0 ./croutine.o
 .data          0x00800060        0x0 ./event_groups.o
 .data          0x00800060        0x0 ./heap_2.o
 .data          0x00800060        0x0 ./list.o
 .data          0x00800060       0x67 ./main.o
 .data          0x008000c7        0x0 ./port.o
 .data          0x008000c7        0x0 ./queue.o
 .data          0x008000c7        0x0 ./stream_buffer.o
 .data          0x008000c7        0x5 ./tasks.o
 .data          0x008000cc        0x0 ./timers.o
 .data          0x008000cc        0x0 c:/new folder/imt_sdk_win_64/winavr/bin/../lib/gcc/avr/4.3.3/avr5\libgcc.a(_udivmodhi4.o)
 .data          0x008000cc        0x0 c:/new folder/imt_sdk_win_64/winavr/bin/../lib/gcc/avr/4.3.3/avr5\libgcc.a(_udivmodsi4.o)
 .data          0x008000cc        0x0 c:/new folder/imt_sdk_win_64/winavr/bin/../lib/gcc/avr/4.3.3/avr5\libgcc.a(_exit.o)
 .data          0x008000cc        0x0 c:/new folder/imt_sdk_win_64/winavr/bin/../lib/gcc/avr/4.3.3/avr5\libgcc.a(_copy_data.o)
 .data          0x008000cc        0x0 c:/new folder/imt_sdk_win_64/winavr/bin/../lib/gcc/avr/4.3.3/avr5\libgcc.a(_clear_bss.o)
 .data          0x008000cc        0x0 c:/new folder/imt_sdk_win_64/winavr/bin/../lib/gcc/avr/4.3.3/avr5\libgcc.a(_fixunssfsi.o)
 .data          0x008000cc        0x0 c:/new folder/imt_sdk_win_64/winavr/bin/../lib/gcc/avr/4.3.3/avr5\libgcc.a(_addsub_sf.o)
 .data          0x008000cc        0x0 c:/new folder/imt_sdk_win_64/winavr/bin/../lib/gcc/avr/4.3.3/avr5\libgcc.a(_mul_sf.o)
 .data          0x008000cc        0x0 c:/new folder/imt_sdk_win_64/winavr/bin/../lib/gcc/avr/4.3.3/avr5\libgcc.a(_div_sf.o)
 .data          0x008000cc        0x0 c:/new folder/imt_sdk_win_64/winavr/bin/../lib/gcc/avr/4.3.3/avr5\libgcc.a(_ge_sf.o)
 .data          0x008000cc        0x0 c:/new folder/imt_sdk_win_64/winavr/bin/../lib/gcc/avr/4.3.3/avr5\libgcc.a(_si_to_sf.o)
 .data          0x008000cc        0x0 c:/new folder/imt_sdk_win_64/winavr/bin/../lib/gcc/avr/4.3.3/avr5\libgcc.a(_sf_to_si.o)
 .data          0x008000cc        0x8 c:/new folder/imt_sdk_win_64/winavr/bin/../lib/gcc/avr/4.3.3/avr5\libgcc.a(_thenan_sf.o)
                0x008000cc                __thenan_sf
 .data          0x008000d4        0x0 c:/new folder/imt_sdk_win_64/winavr/bin/../lib/gcc/avr/4.3.3/avr5\libgcc.a(_prologue.o)
 .data          0x008000d4        0x0 c:/new folder/imt_sdk_win_64/winavr/bin/../lib/gcc/avr/4.3.3/avr5\libgcc.a(_epilogue.o)
 .data          0x008000d4        0x0 c:/new folder/imt_sdk_win_64/winavr/bin/../lib/gcc/avr/4.3.3/avr5\libgcc.a(_clzsi2.o)
 .data          0x008000d4        0x0 c:/new folder/imt_sdk_win_64/winavr/bin/../lib/gcc/avr/4.3.3/avr5\libgcc.a(_pack_sf.o)
 .data          0x008000d4        0x0 c:/new folder/imt_sdk_win_64/winavr/bin/../lib/gcc/avr/4.3.3/avr5\libgcc.a(_unpack_sf.o)
 .data          0x008000d4        0x0 c:/new folder/imt_sdk_win_64/winavr/bin/../lib/gcc/avr/4.3.3/avr5\libgcc.a(_fpcmp_parts_sf.o)
 .data          0x008000d4      0x100 c:/new folder/imt_sdk_win_64/winavr/bin/../lib/gcc/avr/4.3.3/avr5\libgcc.a(_clz.o)
                0x008000d4                __clz_tab
 .data          0x008001d4        0x0 c:/new folder/imt_sdk_win_64/winavr/bin/../lib/gcc/avr/4.3.3/../../../../avr/lib/avr5\libc.a(memcpy.o)
 .data          0x008001d4        0x0 c:/new folder/imt_sdk_win_64/winavr/bin/../lib/gcc/avr/4.3.3/../../../../avr/lib/avr5\libc.a(memset.o)
 *(.data*)
 .data.xFreeBytesRemaining
                0x008001d4        0x2 ./heap_2.o
 .data.uxTopUsedPriority
                0x008001d6        0x1 ./tasks.o
                0x008001d6                uxTopUsedPriority
 *(.rodata)
 *(.rodata*)
 *(.gnu.linkonce.d*)
                0x008001d8                . = ALIGN (0x2)
 *fill*         0x008001d7        0x1 00
                0x008001d8                _edata = .
                0x008001d8                PROVIDE (__data_end, .)

.bss            0x008001d8      0x65f
                0x008001d8                PROVIDE (__bss_start, .)
 *(.bss)
 .bss           0x008001d8        0x0 c:/new folder/imt_sdk_win_64/winavr/bin/../lib/gcc/avr/4.3.3/../../../../avr/lib/avr5/crtm32.o
 .bss           0x008001d8        0x0 ./ADC_prog.o
 .bss           0x008001d8        0x0 ./DIO_prog.o
 .bss           0x008001d8        0x0 ./EXTI_prog.o
 .bss           0x008001d8        0x0 ./GIE_program.o
 .bss           0x008001d8        0x0 ./LCD_prog.o
 .bss           0x008001d8        0x0 ./UART_Prog.o
 .bss           0x008001d8        0x0 ./croutine.o
 .bss           0x008001d8        0x0 ./event_groups.o
 .bss           0x008001d8        0x0 ./heap_2.o
 .bss           0x008001d8        0x0 ./list.o
 .bss           0x008001d8        0x0 ./main.o
 .bss           0x008001d8        0x0 ./port.o
 .bss           0x008001d8        0x0 ./queue.o
 .bss           0x008001d8        0x0 ./stream_buffer.o
 .bss           0x008001d8        0x0 ./tasks.o
 .bss           0x008001d8        0x0 ./timers.o
 .bss           0x008001d8        0x0 c:/new folder/imt_sdk_win_64/winavr/bin/../lib/gcc/avr/4.3.3/avr5\libgcc.a(_udivmodhi4.o)
 .bss           0x008001d8        0x0 c:/new folder/imt_sdk_win_64/winavr/bin/../lib/gcc/avr/4.3.3/avr5\libgcc.a(_udivmodsi4.o)
 .bss           0x008001d8        0x0 c:/new folder/imt_sdk_win_64/winavr/bin/../lib/gcc/avr/4.3.3/avr5\libgcc.a(_exit.o)
 .bss           0x008001d8        0x0 c:/new folder/imt_sdk_win_64/winavr/bin/../lib/gcc/avr/4.3.3/avr5\libgcc.a(_copy_data.o)
 .bss           0x008001d8        0x0 c:/new folder/imt_sdk_win_64/winavr/bin/../lib/gcc/avr/4.3.3/avr5\libgcc.a(_clear_bss.o)
 .bss           0x008001d8        0x0 c:/new folder/imt_sdk_win_64/winavr/bin/../lib/gcc/avr/4.3.3/avr5\libgcc.a(_fixunssfsi.o)
 .bss           0x008001d8        0x0 c:/new folder/imt_sdk_win_64/winavr/bin/../lib/gcc/avr/4.3.3/avr5\libgcc.a(_addsub_sf.o)
 .bss           0x008001d8        0x0 c:/new folder/imt_sdk_win_64/winavr/bin/../lib/gcc/avr/4.3.3/avr5\libgcc.a(_mul_sf.o)
 .bss           0x008001d8        0x0 c:/new folder/imt_sdk_win_64/winavr/bin/../lib/gcc/avr/4.3.3/avr5\libgcc.a(_div_sf.o)
 .bss           0x008001d8        0x0 c:/new folder/imt_sdk_win_64/winavr/bin/../lib/gcc/avr/4.3.3/avr5\libgcc.a(_ge_sf.o)
 .bss           0x008001d8        0x0 c:/new folder/imt_sdk_win_64/winavr/bin/../lib/gcc/avr/4.3.3/avr5\libgcc.a(_si_to_sf.o)
 .bss           0x008001d8        0x0 c:/new folder/imt_sdk_win_64/winavr/bin/../lib/gcc/avr/4.3.3/avr5\libgcc.a(_sf_to_si.o)
 .bss           0x008001d8        0x0 c:/new folder/imt_sdk_win_64/winavr/bin/../lib/gcc/avr/4.3.3/avr5\libgcc.a(_thenan_sf.o)
 .bss           0x008001d8        0x0 c:/new folder/imt_sdk_win_64/winavr/bin/../lib/gcc/avr/4.3.3/avr5\libgcc.a(_prologue.o)
 .bss           0x008001d8        0x0 c:/new folder/imt_sdk_win_64/winavr/bin/../lib/gcc/avr/4.3.3/avr5\libgcc.a(_epilogue.o)
 .bss           0x008001d8        0x0 c:/new folder/imt_sdk_win_64/winavr/bin/../lib/gcc/avr/4.3.3/avr5\libgcc.a(_clzsi2.o)
 .bss           0x008001d8        0x0 c:/new folder/imt_sdk_win_64/winavr/bin/../lib/gcc/avr/4.3.3/avr5\libgcc.a(_pack_sf.o)
 .bss           0x008001d8        0x0 c:/new folder/imt_sdk_win_64/winavr/bin/../lib/gcc/avr/4.3.3/avr5\libgcc.a(_unpack_sf.o)
 .bss           0x008001d8        0x0 c:/new folder/imt_sdk_win_64/winavr/bin/../lib/gcc/avr/4.3.3/avr5\libgcc.a(_fpcmp_parts_sf.o)
 .bss           0x008001d8        0x0 c:/new folder/imt_sdk_win_64/winavr/bin/../lib/gcc/avr/4.3.3/avr5\libgcc.a(_clz.o)
 .bss           0x008001d8        0x0 c:/new folder/imt_sdk_win_64/winavr/bin/../lib/gcc/avr/4.3.3/../../../../avr/lib/avr5\libc.a(memcpy.o)
 .bss           0x008001d8        0x0 c:/new folder/imt_sdk_win_64/winavr/bin/../lib/gcc/avr/4.3.3/../../../../avr/lib/avr5\libc.a(memset.o)
 *(.bss*)
 .bss.xHeapHasBeenInitialised.1806
                0x008001d8        0x1 ./heap_2.o
 .bss.ucHeap    0x008001d9      0x5dc ./heap_2.o
 .bss.xStart    0x008007b5        0x4 ./heap_2.o
 .bss.xEnd      0x008007b9        0x4 ./heap_2.o
 .bss.led       0x008007bd        0x2 ./main.o
                0x008007bd                led
 .bss.pxCurrentTCB
                0x008007bf        0x2 ./tasks.o
                0x008007bf                pxCurrentTCB
 .bss.uxSchedulerSuspended
                0x008007c1        0x1 ./tasks.o
 .bss.uxTopReadyPriority
                0x008007c2        0x1 ./tasks.o
 .bss.xYieldPending
                0x008007c3        0x1 ./tasks.o
 .bss.xTickCount
                0x008007c4        0x2 ./tasks.o
 .bss.xNextTaskUnblockTime
                0x008007c6        0x2 ./tasks.o
 .bss.xNumOfOverflows
                0x008007c8        0x1 ./tasks.o
 .bss.xPendedTicks
                0x008007c9        0x2 ./tasks.o
 .bss.uxCurrentNumberOfTasks
                0x008007cb        0x1 ./tasks.o
 .bss.xSchedulerRunning
                0x008007cc        0x1 ./tasks.o
 .bss.xIdleTaskHandle
                0x008007cd        0x2 ./tasks.o
 .bss.uxDeletedTasksWaitingCleanUp
                0x008007cf        0x1 ./tasks.o
 .bss.uxTaskNumber
                0x008007d0        0x1 ./tasks.o
 .bss.pxReadyTasksLists
                0x008007d1       0x36 ./tasks.o
 .bss.xDelayedTaskList1
                0x00800807        0x9 ./tasks.o
 .bss.xDelayedTaskList2
                0x00800810        0x9 ./tasks.o
 .bss.pxDelayedTaskList
                0x00800819        0x2 ./tasks.o
 .bss.pxOverflowDelayedTaskList
                0x0080081b        0x2 ./tasks.o
 .bss.xPendingReadyList
                0x0080081d        0x9 ./tasks.o
 .bss.xTasksWaitingTermination
                0x00800826        0x9 ./tasks.o
 *(COMMON)
 COMMON         0x0080082f        0x8 ./main.o
                0x0080082f                LEDsemph
                0x00800831                temp
                0x00800835                door
                0x00800837                PROVIDE (__bss_end, .)
                0x000048ec                __data_load_start = LOADADDR (.data)
                0x00004a64                __data_load_end = (__data_load_start + SIZEOF (.data))

.noinit         0x00800837        0x0
                0x00800837                PROVIDE (__noinit_start, .)
 *(.noinit*)
                0x00800837                PROVIDE (__noinit_end, .)
                0x00800837                _end = .
                0x00800837                PROVIDE (__heap_start, .)

.eeprom         0x00810000        0x0
 *(.eeprom*)
                0x00810000                __eeprom_end = .

.fuse
 *(.fuse)
 *(.lfuse)
 *(.hfuse)
 *(.efuse)

.lock
 *(.lock*)

.signature
 *(.signature*)

.stab           0x00000000     0x8958
 *(.stab)
 .stab          0x00000000      0x3cc ./ADC_prog.o
 .stab          0x000003cc      0x4e0 ./DIO_prog.o
                                0x678 (size before relaxing)
 .stab          0x000008ac      0x264 ./EXTI_prog.o
                                0x270 (size before relaxing)
 .stab          0x00000b10      0x144 ./GIE_program.o
                                0x240 (size before relaxing)
 .stab          0x00000c54      0xa08 ./LCD_prog.o
                                0xc0c (size before relaxing)
 .stab          0x0000165c      0x2e8 ./UART_Prog.o
                                0x480 (size before relaxing)
 .stab          0x00001944      0x4bc ./croutine.o
                                0x648 (size before relaxing)
 .stab          0x00001e00      0xaa4 ./event_groups.o
                                0xde0 (size before relaxing)
 .stab          0x000028a4      0x5e8 ./heap_2.o
                                0xab0 (size before relaxing)
 .stab          0x00002e8c      0x474 ./list.o
                                0x870 (size before relaxing)
 .stab          0x00003300      0x6d8 ./main.o
                                0xc6c (size before relaxing)
 .stab          0x000039d8      0x558 ./port.o
                                0xa14 (size before relaxing)
 .stab          0x00003f30     0x1638 ./queue.o
                               0x1b30 (size before relaxing)
 .stab          0x00005568     0x120c ./stream_buffer.o
                               0x1668 (size before relaxing)
 .stab          0x00006774     0x2040 ./tasks.o
                               0x2538 (size before relaxing)
 .stab          0x000087b4      0x1a4 ./timers.o
                                0x6cc (size before relaxing)

.stabstr        0x00000000     0x51cb
 *(.stabstr)
 .stabstr       0x00000000     0x51cb ./ADC_prog.o

.stab.excl
 *(.stab.excl)

.stab.exclstr
 *(.stab.exclstr)

.stab.index
 *(.stab.index)

.stab.indexstr
 *(.stab.indexstr)

.comment
 *(.comment)

.debug
 *(.debug)

.line
 *(.line)

.debug_srcinfo
 *(.debug_srcinfo)

.debug_sfnames
 *(.debug_sfnames)

.debug_aranges  0x00000000      0x160
 *(.debug_aranges)
 .debug_aranges
                0x00000000       0x20 c:/new folder/imt_sdk_win_64/winavr/bin/../lib/gcc/avr/4.3.3/avr5\libgcc.a(_fixunssfsi.o)
 .debug_aranges
                0x00000020       0x20 c:/new folder/imt_sdk_win_64/winavr/bin/../lib/gcc/avr/4.3.3/avr5\libgcc.a(_addsub_sf.o)
 .debug_aranges
                0x00000040       0x20 c:/new folder/imt_sdk_win_64/winavr/bin/../lib/gcc/avr/4.3.3/avr5\libgcc.a(_mul_sf.o)
 .debug_aranges
                0x00000060       0x20 c:/new folder/imt_sdk_win_64/winavr/bin/../lib/gcc/avr/4.3.3/avr5\libgcc.a(_div_sf.o)
 .debug_aranges
                0x00000080       0x20 c:/new folder/imt_sdk_win_64/winavr/bin/../lib/gcc/avr/4.3.3/avr5\libgcc.a(_ge_sf.o)
 .debug_aranges
                0x000000a0       0x20 c:/new folder/imt_sdk_win_64/winavr/bin/../lib/gcc/avr/4.3.3/avr5\libgcc.a(_si_to_sf.o)
 .debug_aranges
                0x000000c0       0x20 c:/new folder/imt_sdk_win_64/winavr/bin/../lib/gcc/avr/4.3.3/avr5\libgcc.a(_sf_to_si.o)
 .debug_aranges
                0x000000e0       0x20 c:/new folder/imt_sdk_win_64/winavr/bin/../lib/gcc/avr/4.3.3/avr5\libgcc.a(_clzsi2.o)
 .debug_aranges
                0x00000100       0x20 c:/new folder/imt_sdk_win_64/winavr/bin/../lib/gcc/avr/4.3.3/avr5\libgcc.a(_pack_sf.o)
 .debug_aranges
                0x00000120       0x20 c:/new folder/imt_sdk_win_64/winavr/bin/../lib/gcc/avr/4.3.3/avr5\libgcc.a(_unpack_sf.o)
 .debug_aranges
                0x00000140       0x20 c:/new folder/imt_sdk_win_64/winavr/bin/../lib/gcc/avr/4.3.3/avr5\libgcc.a(_fpcmp_parts_sf.o)

.debug_pubnames
                0x00000000      0x1b4
 *(.debug_pubnames)
 .debug_pubnames
                0x00000000       0x23 c:/new folder/imt_sdk_win_64/winavr/bin/../lib/gcc/avr/4.3.3/avr5\libgcc.a(_fixunssfsi.o)
 .debug_pubnames
                0x00000023       0x2c c:/new folder/imt_sdk_win_64/winavr/bin/../lib/gcc/avr/4.3.3/avr5\libgcc.a(_addsub_sf.o)
 .debug_pubnames
                0x0000004f       0x1f c:/new folder/imt_sdk_win_64/winavr/bin/../lib/gcc/avr/4.3.3/avr5\libgcc.a(_mul_sf.o)
 .debug_pubnames
                0x0000006e       0x1f c:/new folder/imt_sdk_win_64/winavr/bin/../lib/gcc/avr/4.3.3/avr5\libgcc.a(_div_sf.o)
 .debug_pubnames
                0x0000008d       0x1e c:/new folder/imt_sdk_win_64/winavr/bin/../lib/gcc/avr/4.3.3/avr5\libgcc.a(_ge_sf.o)
 .debug_pubnames
                0x000000ab       0x22 c:/new folder/imt_sdk_win_64/winavr/bin/../lib/gcc/avr/4.3.3/avr5\libgcc.a(_si_to_sf.o)
 .debug_pubnames
                0x000000cd       0x20 c:/new folder/imt_sdk_win_64/winavr/bin/../lib/gcc/avr/4.3.3/avr5\libgcc.a(_sf_to_si.o)
 .debug_pubnames
                0x000000ed       0x22 c:/new folder/imt_sdk_win_64/winavr/bin/../lib/gcc/avr/4.3.3/avr5\libgcc.a(_thenan_sf.o)
 .debug_pubnames
                0x0000010f       0x1f c:/new folder/imt_sdk_win_64/winavr/bin/../lib/gcc/avr/4.3.3/avr5\libgcc.a(_clzsi2.o)
 .debug_pubnames
                0x0000012e       0x1f c:/new folder/imt_sdk_win_64/winavr/bin/../lib/gcc/avr/4.3.3/avr5\libgcc.a(_pack_sf.o)
 .debug_pubnames
                0x0000014d       0x21 c:/new folder/imt_sdk_win_64/winavr/bin/../lib/gcc/avr/4.3.3/avr5\libgcc.a(_unpack_sf.o)
 .debug_pubnames
                0x0000016e       0x26 c:/new folder/imt_sdk_win_64/winavr/bin/../lib/gcc/avr/4.3.3/avr5\libgcc.a(_fpcmp_parts_sf.o)
 .debug_pubnames
                0x00000194       0x20 c:/new folder/imt_sdk_win_64/winavr/bin/../lib/gcc/avr/4.3.3/avr5\libgcc.a(_clz.o)

.debug_info     0x00000000     0x1f0e
 *(.debug_info)
 .debug_info    0x00000000       0xb1 c:/new folder/imt_sdk_win_64/winavr/bin/../lib/gcc/avr/4.3.3/avr5\libgcc.a(_fixunssfsi.o)
 .debug_info    0x000000b1      0x47a c:/new folder/imt_sdk_win_64/winavr/bin/../lib/gcc/avr/4.3.3/avr5\libgcc.a(_addsub_sf.o)
 .debug_info    0x0000052b      0x485 c:/new folder/imt_sdk_win_64/winavr/bin/../lib/gcc/avr/4.3.3/avr5\libgcc.a(_mul_sf.o)
 .debug_info    0x000009b0      0x3fc c:/new folder/imt_sdk_win_64/winavr/bin/../lib/gcc/avr/4.3.3/avr5\libgcc.a(_div_sf.o)
 .debug_info    0x00000dac      0x27f c:/new folder/imt_sdk_win_64/winavr/bin/../lib/gcc/avr/4.3.3/avr5\libgcc.a(_ge_sf.o)
 .debug_info    0x0000102b      0x207 c:/new folder/imt_sdk_win_64/winavr/bin/../lib/gcc/avr/4.3.3/avr5\libgcc.a(_si_to_sf.o)
 .debug_info    0x00001232      0x2b0 c:/new folder/imt_sdk_win_64/winavr/bin/../lib/gcc/avr/4.3.3/avr5\libgcc.a(_sf_to_si.o)
 .debug_info    0x000014e2      0x12c c:/new folder/imt_sdk_win_64/winavr/bin/../lib/gcc/avr/4.3.3/avr5\libgcc.a(_thenan_sf.o)
 .debug_info    0x0000160e      0x117 c:/new folder/imt_sdk_win_64/winavr/bin/../lib/gcc/avr/4.3.3/avr5\libgcc.a(_clzsi2.o)
 .debug_info    0x00001725      0x2df c:/new folder/imt_sdk_win_64/winavr/bin/../lib/gcc/avr/4.3.3/avr5\libgcc.a(_pack_sf.o)
 .debug_info    0x00001a04      0x251 c:/new folder/imt_sdk_win_64/winavr/bin/../lib/gcc/avr/4.3.3/avr5\libgcc.a(_unpack_sf.o)
 .debug_info    0x00001c55      0x210 c:/new folder/imt_sdk_win_64/winavr/bin/../lib/gcc/avr/4.3.3/avr5\libgcc.a(_fpcmp_parts_sf.o)
 .debug_info    0x00001e65       0xa9 c:/new folder/imt_sdk_win_64/winavr/bin/../lib/gcc/avr/4.3.3/avr5\libgcc.a(_clz.o)
 *(.gnu.linkonce.wi.*)

.debug_abbrev   0x00000000     0x10c3
 *(.debug_abbrev)
 .debug_abbrev  0x00000000       0x5d c:/new folder/imt_sdk_win_64/winavr/bin/../lib/gcc/avr/4.3.3/avr5\libgcc.a(_fixunssfsi.o)
 .debug_abbrev  0x0000005d      0x1ea c:/new folder/imt_sdk_win_64/winavr/bin/../lib/gcc/avr/4.3.3/avr5\libgcc.a(_addsub_sf.o)
 .debug_abbrev  0x00000247      0x21b c:/new folder/imt_sdk_win_64/winavr/bin/../lib/gcc/avr/4.3.3/avr5\libgcc.a(_mul_sf.o)
 .debug_abbrev  0x00000462      0x216 c:/new folder/imt_sdk_win_64/winavr/bin/../lib/gcc/avr/4.3.3/avr5\libgcc.a(_div_sf.o)
 .debug_abbrev  0x00000678      0x15a c:/new folder/imt_sdk_win_64/winavr/bin/../lib/gcc/avr/4.3.3/avr5\libgcc.a(_ge_sf.o)
 .debug_abbrev  0x000007d2      0x148 c:/new folder/imt_sdk_win_64/winavr/bin/../lib/gcc/avr/4.3.3/avr5\libgcc.a(_si_to_sf.o)
 .debug_abbrev  0x0000091a      0x17f c:/new folder/imt_sdk_win_64/winavr/bin/../lib/gcc/avr/4.3.3/avr5\libgcc.a(_sf_to_si.o)
 .debug_abbrev  0x00000a99       0xad c:/new folder/imt_sdk_win_64/winavr/bin/../lib/gcc/avr/4.3.3/avr5\libgcc.a(_thenan_sf.o)
 .debug_abbrev  0x00000b46       0xc4 c:/new folder/imt_sdk_win_64/winavr/bin/../lib/gcc/avr/4.3.3/avr5\libgcc.a(_clzsi2.o)
 .debug_abbrev  0x00000c0a      0x1c0 c:/new folder/imt_sdk_win_64/winavr/bin/../lib/gcc/avr/4.3.3/avr5\libgcc.a(_pack_sf.o)
 .debug_abbrev  0x00000dca      0x154 c:/new folder/imt_sdk_win_64/winavr/bin/../lib/gcc/avr/4.3.3/avr5\libgcc.a(_unpack_sf.o)
 .debug_abbrev  0x00000f1e      0x13b c:/new folder/imt_sdk_win_64/winavr/bin/../lib/gcc/avr/4.3.3/avr5\libgcc.a(_fpcmp_parts_sf.o)
 .debug_abbrev  0x00001059       0x6a c:/new folder/imt_sdk_win_64/winavr/bin/../lib/gcc/avr/4.3.3/avr5\libgcc.a(_clz.o)

.debug_line     0x00000000     0x1032
 *(.debug_line)
 .debug_line    0x00000000       0xa7 c:/new folder/imt_sdk_win_64/winavr/bin/../lib/gcc/avr/4.3.3/avr5\libgcc.a(_fixunssfsi.o)
 .debug_line    0x000000a7      0x2af c:/new folder/imt_sdk_win_64/winavr/bin/../lib/gcc/avr/4.3.3/avr5\libgcc.a(_addsub_sf.o)
 .debug_line    0x00000356      0x239 c:/new folder/imt_sdk_win_64/winavr/bin/../lib/gcc/avr/4.3.3/avr5\libgcc.a(_mul_sf.o)
 .debug_line    0x0000058f      0x1d5 c:/new folder/imt_sdk_win_64/winavr/bin/../lib/gcc/avr/4.3.3/avr5\libgcc.a(_div_sf.o)
 .debug_line    0x00000764       0xd3 c:/new folder/imt_sdk_win_64/winavr/bin/../lib/gcc/avr/4.3.3/avr5\libgcc.a(_ge_sf.o)
 .debug_line    0x00000837      0x135 c:/new folder/imt_sdk_win_64/winavr/bin/../lib/gcc/avr/4.3.3/avr5\libgcc.a(_si_to_sf.o)
 .debug_line    0x0000096c      0x109 c:/new folder/imt_sdk_win_64/winavr/bin/../lib/gcc/avr/4.3.3/avr5\libgcc.a(_sf_to_si.o)
 .debug_line    0x00000a75       0x90 c:/new folder/imt_sdk_win_64/winavr/bin/../lib/gcc/avr/4.3.3/avr5\libgcc.a(_thenan_sf.o)
 .debug_line    0x00000b05       0xa5 c:/new folder/imt_sdk_win_64/winavr/bin/../lib/gcc/avr/4.3.3/avr5\libgcc.a(_clzsi2.o)
 .debug_line    0x00000baa      0x18a c:/new folder/imt_sdk_win_64/winavr/bin/../lib/gcc/avr/4.3.3/avr5\libgcc.a(_pack_sf.o)
 .debug_line    0x00000d34      0x14b c:/new folder/imt_sdk_win_64/winavr/bin/../lib/gcc/avr/4.3.3/avr5\libgcc.a(_unpack_sf.o)
 .debug_line    0x00000e7f      0x137 c:/new folder/imt_sdk_win_64/winavr/bin/../lib/gcc/avr/4.3.3/avr5\libgcc.a(_fpcmp_parts_sf.o)
 .debug_line    0x00000fb6       0x7c c:/new folder/imt_sdk_win_64/winavr/bin/../lib/gcc/avr/4.3.3/avr5\libgcc.a(_clz.o)

.debug_frame    0x00000000      0x180
 *(.debug_frame)
 .debug_frame   0x00000000       0x20 c:/new folder/imt_sdk_win_64/winavr/bin/../lib/gcc/avr/4.3.3/avr5\libgcc.a(_fixunssfsi.o)
 .debug_frame   0x00000020       0x40 c:/new folder/imt_sdk_win_64/winavr/bin/../lib/gcc/avr/4.3.3/avr5\libgcc.a(_addsub_sf.o)
 .debug_frame   0x00000060       0x20 c:/new folder/imt_sdk_win_64/winavr/bin/../lib/gcc/avr/4.3.3/avr5\libgcc.a(_mul_sf.o)
 .debug_frame   0x00000080       0x20 c:/new folder/imt_sdk_win_64/winavr/bin/../lib/gcc/avr/4.3.3/avr5\libgcc.a(_div_sf.o)
 .debug_frame   0x000000a0       0x20 c:/new folder/imt_sdk_win_64/winavr/bin/../lib/gcc/avr/4.3.3/avr5\libgcc.a(_ge_sf.o)
 .debug_frame   0x000000c0       0x20 c:/new folder/imt_sdk_win_64/winavr/bin/../lib/gcc/avr/4.3.3/avr5\libgcc.a(_si_to_sf.o)
 .debug_frame   0x000000e0       0x20 c:/new folder/imt_sdk_win_64/winavr/bin/../lib/gcc/avr/4.3.3/avr5\libgcc.a(_sf_to_si.o)
 .debug_frame   0x00000100       0x20 c:/new folder/imt_sdk_win_64/winavr/bin/../lib/gcc/avr/4.3.3/avr5\libgcc.a(_clzsi2.o)
 .debug_frame   0x00000120       0x20 c:/new folder/imt_sdk_win_64/winavr/bin/../lib/gcc/avr/4.3.3/avr5\libgcc.a(_pack_sf.o)
 .debug_frame   0x00000140       0x20 c:/new folder/imt_sdk_win_64/winavr/bin/../lib/gcc/avr/4.3.3/avr5\libgcc.a(_unpack_sf.o)
 .debug_frame   0x00000160       0x20 c:/new folder/imt_sdk_win_64/winavr/bin/../lib/gcc/avr/4.3.3/avr5\libgcc.a(_fpcmp_parts_sf.o)

.debug_str      0x00000000      0x2e3
 *(.debug_str)
 .debug_str     0x00000000       0xbf c:/new folder/imt_sdk_win_64/winavr/bin/../lib/gcc/avr/4.3.3/avr5\libgcc.a(_fixunssfsi.o)
                                 0xfe (size before relaxing)
 .debug_str     0x000000bf      0x14d c:/new folder/imt_sdk_win_64/winavr/bin/../lib/gcc/avr/4.3.3/avr5\libgcc.a(_addsub_sf.o)
                                0x206 (size before relaxing)
 .debug_str     0x0000020c       0x27 c:/new folder/imt_sdk_win_64/winavr/bin/../lib/gcc/avr/4.3.3/avr5\libgcc.a(_mul_sf.o)
                                0x1bf (size before relaxing)
 .debug_str     0x00000233       0x35 c:/new folder/imt_sdk_win_64/winavr/bin/../lib/gcc/avr/4.3.3/avr5\libgcc.a(_div_sf.o)
                                0x1c8 (size before relaxing)
 .debug_str     0x00000268        0x8 c:/new folder/imt_sdk_win_64/winavr/bin/../lib/gcc/avr/4.3.3/avr5\libgcc.a(_ge_sf.o)
                                0x195 (size before relaxing)
 .debug_str     0x00000270       0x1e c:/new folder/imt_sdk_win_64/winavr/bin/../lib/gcc/avr/4.3.3/avr5\libgcc.a(_si_to_sf.o)
                                0x17b (size before relaxing)
 .debug_str     0x0000028e        0xa c:/new folder/imt_sdk_win_64/winavr/bin/../lib/gcc/avr/4.3.3/avr5\libgcc.a(_sf_to_si.o)
                                0x19e (size before relaxing)
 .debug_str     0x00000000      0x103 c:/new folder/imt_sdk_win_64/winavr/bin/../lib/gcc/avr/4.3.3/avr5\libgcc.a(_thenan_sf.o)
 .debug_str     0x00000298       0x20 c:/new folder/imt_sdk_win_64/winavr/bin/../lib/gcc/avr/4.3.3/avr5\libgcc.a(_clzsi2.o)
                                0x111 (size before relaxing)
 .debug_str     0x000002b8       0x10 c:/new folder/imt_sdk_win_64/winavr/bin/../lib/gcc/avr/4.3.3/avr5\libgcc.a(_pack_sf.o)
                                0x19d (size before relaxing)
 .debug_str     0x000002c8        0xb c:/new folder/imt_sdk_win_64/winavr/bin/../lib/gcc/avr/4.3.3/avr5\libgcc.a(_unpack_sf.o)
                                0x17f (size before relaxing)
 .debug_str     0x000002d3       0x10 c:/new folder/imt_sdk_win_64/winavr/bin/../lib/gcc/avr/4.3.3/avr5\libgcc.a(_fpcmp_parts_sf.o)
                                0x163 (size before relaxing)
 .debug_str     0x00000000       0xf4 c:/new folder/imt_sdk_win_64/winavr/bin/../lib/gcc/avr/4.3.3/avr5\libgcc.a(_clz.o)

.debug_loc      0x00000000      0x956
 *(.debug_loc)
 .debug_loc     0x00000000       0x34 c:/new folder/imt_sdk_win_64/winavr/bin/../lib/gcc/avr/4.3.3/avr5\libgcc.a(_fixunssfsi.o)
 .debug_loc     0x00000034      0x32a c:/new folder/imt_sdk_win_64/winavr/bin/../lib/gcc/avr/4.3.3/avr5\libgcc.a(_addsub_sf.o)
 .debug_loc     0x0000035e      0x104 c:/new folder/imt_sdk_win_64/winavr/bin/../lib/gcc/avr/4.3.3/avr5\libgcc.a(_mul_sf.o)
 .debug_loc     0x00000462       0xc0 c:/new folder/imt_sdk_win_64/winavr/bin/../lib/gcc/avr/4.3.3/avr5\libgcc.a(_div_sf.o)
 .debug_loc     0x00000522       0x3c c:/new folder/imt_sdk_win_64/winavr/bin/../lib/gcc/avr/4.3.3/avr5\libgcc.a(_ge_sf.o)
 .debug_loc     0x0000055e       0xac c:/new folder/imt_sdk_win_64/winavr/bin/../lib/gcc/avr/4.3.3/avr5\libgcc.a(_si_to_sf.o)
 .debug_loc     0x0000060a       0x7e c:/new folder/imt_sdk_win_64/winavr/bin/../lib/gcc/avr/4.3.3/avr5\libgcc.a(_sf_to_si.o)
 .debug_loc     0x00000688       0x94 c:/new folder/imt_sdk_win_64/winavr/bin/../lib/gcc/avr/4.3.3/avr5\libgcc.a(_clzsi2.o)
 .debug_loc     0x0000071c      0x13e c:/new folder/imt_sdk_win_64/winavr/bin/../lib/gcc/avr/4.3.3/avr5\libgcc.a(_pack_sf.o)
 .debug_loc     0x0000085a       0xac c:/new folder/imt_sdk_win_64/winavr/bin/../lib/gcc/avr/4.3.3/avr5\libgcc.a(_unpack_sf.o)
 .debug_loc     0x00000906       0x50 c:/new folder/imt_sdk_win_64/winavr/bin/../lib/gcc/avr/4.3.3/avr5\libgcc.a(_fpcmp_parts_sf.o)

.debug_macinfo
 *(.debug_macinfo)
OUTPUT(Free_Rtos_Smart_Home.elf elf32-avr)
LOAD linker stubs

.debug_ranges   0x00000000       0x50
 .debug_ranges  0x00000000       0x50 c:/new folder/imt_sdk_win_64/winavr/bin/../lib/gcc/avr/4.3.3/avr5\libgcc.a(_mul_sf.o)
